Archive member included to satisfy reference by file (symbol)

../lib/liblib-atmega16.a(lib.c.obj)
                              CMakeFiles/toggle-led-atmega16.elf.dir/main.c.obj (initPort)
/usr/avr/lib/libc.a(exit.o)   /usr/lib/gcc/avr/6.2.0/../../../../avr/lib/avr5/crtatmega16.o (exit)
/usr/lib/gcc/avr/6.2.0/avr5/libgcc.a(_exit.o)
                              /usr/avr/lib/libc.a(exit.o) (_exit)

Discarded input sections

 .data          0x0000000000000000        0x0 /usr/lib/gcc/avr/6.2.0/../../../../avr/lib/avr5/crtatmega16.o
 .bss           0x0000000000000000        0x0 /usr/lib/gcc/avr/6.2.0/../../../../avr/lib/avr5/crtatmega16.o
 .text          0x0000000000000000        0x0 CMakeFiles/toggle-led-atmega16.elf.dir/main.c.obj
 .data          0x0000000000000000        0x0 CMakeFiles/toggle-led-atmega16.elf.dir/main.c.obj
 .bss           0x0000000000000000        0x0 CMakeFiles/toggle-led-atmega16.elf.dir/main.c.obj
 .text          0x0000000000000000        0x0 ../lib/liblib-atmega16.a(lib.c.obj)
 .data          0x0000000000000000        0x0 ../lib/liblib-atmega16.a(lib.c.obj)
 .bss           0x0000000000000000        0x0 ../lib/liblib-atmega16.a(lib.c.obj)
 .text          0x0000000000000000        0x0 /usr/avr/lib/libc.a(exit.o)
 .data          0x0000000000000000        0x0 /usr/avr/lib/libc.a(exit.o)
 .bss           0x0000000000000000        0x0 /usr/avr/lib/libc.a(exit.o)
 .text          0x0000000000000000        0x0 /usr/lib/gcc/avr/6.2.0/avr5/libgcc.a(_exit.o)
 .data          0x0000000000000000        0x0 /usr/lib/gcc/avr/6.2.0/avr5/libgcc.a(_exit.o)
 .bss           0x0000000000000000        0x0 /usr/lib/gcc/avr/6.2.0/avr5/libgcc.a(_exit.o)
 .text.libgcc.mul
                0x0000000000000000        0x0 /usr/lib/gcc/avr/6.2.0/avr5/libgcc.a(_exit.o)
 .text.libgcc.div
                0x0000000000000000        0x0 /usr/lib/gcc/avr/6.2.0/avr5/libgcc.a(_exit.o)
 .text.libgcc   0x0000000000000000        0x0 /usr/lib/gcc/avr/6.2.0/avr5/libgcc.a(_exit.o)
 .text.libgcc.prologue
                0x0000000000000000        0x0 /usr/lib/gcc/avr/6.2.0/avr5/libgcc.a(_exit.o)
 .text.libgcc.builtins
                0x0000000000000000        0x0 /usr/lib/gcc/avr/6.2.0/avr5/libgcc.a(_exit.o)
 .text.libgcc.fmul
                0x0000000000000000        0x0 /usr/lib/gcc/avr/6.2.0/avr5/libgcc.a(_exit.o)
 .text.libgcc.fixed
                0x0000000000000000        0x0 /usr/lib/gcc/avr/6.2.0/avr5/libgcc.a(_exit.o)

Memory Configuration

Name             Origin             Length             Attributes
text             0x0000000000000000 0x0000000000020000 xr
data             0x0000000000800060 0x000000000000ffa0 rw !x
eeprom           0x0000000000810000 0x0000000000010000 rw !x
fuse             0x0000000000820000 0x0000000000000400 rw !x
lock             0x0000000000830000 0x0000000000000400 rw !x
signature        0x0000000000840000 0x0000000000000400 rw !x
user_signatures  0x0000000000850000 0x0000000000000400 rw !x
*default*        0x0000000000000000 0xffffffffffffffff

Linker script and memory map

LOAD /usr/lib/gcc/avr/6.2.0/../../../../avr/lib/avr5/crtatmega16.o
LOAD CMakeFiles/toggle-led-atmega16.elf.dir/main.c.obj
LOAD ../lib/liblib-atmega16.a
LOAD /usr/avr/lib/libc.a
START GROUP
LOAD /usr/lib/gcc/avr/6.2.0/avr5/libgcc.a
LOAD /usr/lib/gcc/avr/6.2.0/../../../../avr/lib/avr5/libm.a
LOAD /usr/lib/gcc/avr/6.2.0/../../../../avr/lib/avr5/libc.a
LOAD /usr/lib/gcc/avr/6.2.0/../../../../avr/lib/avr5/libatmega16.a
END GROUP
                0x0000000000020000                __TEXT_REGION_LENGTH__ = DEFINED (__TEXT_REGION_LENGTH__)?__TEXT_REGION_LENGTH__:0x20000
                0x000000000000ffa0                __DATA_REGION_LENGTH__ = DEFINED (__DATA_REGION_LENGTH__)?__DATA_REGION_LENGTH__:0xffa0
                0x0000000000010000                __EEPROM_REGION_LENGTH__ = DEFINED (__EEPROM_REGION_LENGTH__)?__EEPROM_REGION_LENGTH__:0x10000
                0x0000000000000400                __FUSE_REGION_LENGTH__ = DEFINED (__FUSE_REGION_LENGTH__)?__FUSE_REGION_LENGTH__:0x400
                0x0000000000000400                __LOCK_REGION_LENGTH__ = DEFINED (__LOCK_REGION_LENGTH__)?__LOCK_REGION_LENGTH__:0x400
                0x0000000000000400                __SIGNATURE_REGION_LENGTH__ = DEFINED (__SIGNATURE_REGION_LENGTH__)?__SIGNATURE_REGION_LENGTH__:0x400
                0x0000000000000400                __USER_SIGNATURE_REGION_LENGTH__ = DEFINED (__USER_SIGNATURE_REGION_LENGTH__)?__USER_SIGNATURE_REGION_LENGTH__:0x400

.hash
 *(.hash)

.dynsym
 *(.dynsym)

.dynstr
 *(.dynstr)

.gnu.version
 *(.gnu.version)

.gnu.version_d
 *(.gnu.version_d)

.gnu.version_r
 *(.gnu.version_r)

.rel.init
 *(.rel.init)

.rela.init
 *(.rela.init)

.rel.text
 *(.rel.text)
 *(.rel.text.*)
 *(.rel.gnu.linkonce.t*)

.rela.text
 *(.rela.text)
 *(.rela.text.*)
 *(.rela.gnu.linkonce.t*)

.rel.fini
 *(.rel.fini)

.rela.fini
 *(.rela.fini)

.rel.rodata
 *(.rel.rodata)
 *(.rel.rodata.*)
 *(.rel.gnu.linkonce.r*)

.rela.rodata
 *(.rela.rodata)
 *(.rela.rodata.*)
 *(.rela.gnu.linkonce.r*)

.rel.data
 *(.rel.data)
 *(.rel.data.*)
 *(.rel.gnu.linkonce.d*)

.rela.data
 *(.rela.data)
 *(.rela.data.*)
 *(.rela.gnu.linkonce.d*)

.rel.ctors
 *(.rel.ctors)

.rela.ctors
 *(.rela.ctors)

.rel.dtors
 *(.rel.dtors)

.rela.dtors
 *(.rela.dtors)

.rel.got
 *(.rel.got)

.rela.got
 *(.rela.got)

.rel.bss
 *(.rel.bss)

.rela.bss
 *(.rela.bss)

.rel.plt
 *(.rel.plt)

.rela.plt
 *(.rela.plt)

.text           0x0000000000000000       0x9a
 *(.vectors)
 .vectors       0x0000000000000000       0x54 /usr/lib/gcc/avr/6.2.0/../../../../avr/lib/avr5/crtatmega16.o
                0x0000000000000000                __vectors
                0x0000000000000000                __vector_default
 *(.vectors)
 *(.progmem.gcc*)
                0x0000000000000054                . = ALIGN (0x2)
                0x0000000000000054                __trampolines_start = .
 *(.trampolines)
 .trampolines   0x0000000000000054        0x0 linker stubs
 *(.trampolines*)
                0x0000000000000054                __trampolines_end = .
 *libprintf_flt.a:*(.progmem.data)
 *libc.a:*(.progmem.data)
 *(.progmem*)
                0x0000000000000054                . = ALIGN (0x2)
 *(.jumptables)
 *(.jumptables*)
 *(.lowtext)
 *(.lowtext*)
                0x0000000000000054                __ctors_start = .
 *(.ctors)
                0x0000000000000054                __ctors_end = .
                0x0000000000000054                __dtors_start = .
 *(.dtors)
                0x0000000000000054                __dtors_end = .
 SORT(*)(.ctors)
 SORT(*)(.dtors)
 *(.init0)
 .init0         0x0000000000000054        0x0 /usr/lib/gcc/avr/6.2.0/../../../../avr/lib/avr5/crtatmega16.o
                0x0000000000000054                __init
 *(.init0)
 *(.init1)
 *(.init1)
 *(.init2)
 .init2         0x0000000000000054        0xc /usr/lib/gcc/avr/6.2.0/../../../../avr/lib/avr5/crtatmega16.o
 *(.init2)
 *(.init3)
 *(.init3)
 *(.init4)
 *(.init4)
 *(.init5)
 *(.init5)
 *(.init6)
 *(.init6)
 *(.init7)
 *(.init7)
 *(.init8)
 *(.init8)
 *(.init9)
 .init9         0x0000000000000060        0x4 /usr/lib/gcc/avr/6.2.0/../../../../avr/lib/avr5/crtatmega16.o
 *(.init9)
 *(.text)
 .text          0x0000000000000064        0x2 /usr/lib/gcc/avr/6.2.0/../../../../avr/lib/avr5/crtatmega16.o
                0x0000000000000064                __vector_1
                0x0000000000000064                __vector_12
                0x0000000000000064                __bad_interrupt
                0x0000000000000064                __vector_6
                0x0000000000000064                __vector_3
                0x0000000000000064                __vector_11
                0x0000000000000064                __vector_13
                0x0000000000000064                __vector_17
                0x0000000000000064                __vector_19
                0x0000000000000064                __vector_7
                0x0000000000000064                __vector_5
                0x0000000000000064                __vector_4
                0x0000000000000064                __vector_9
                0x0000000000000064                __vector_2
                0x0000000000000064                __vector_15
                0x0000000000000064                __vector_8
                0x0000000000000064                __vector_14
                0x0000000000000064                __vector_10
                0x0000000000000064                __vector_16
                0x0000000000000064                __vector_18
                0x0000000000000064                __vector_20
                0x0000000000000066                . = ALIGN (0x2)
 *(.text.*)
 .text.startup.main
                0x0000000000000066        0xc CMakeFiles/toggle-led-atmega16.elf.dir/main.c.obj
                0x0000000000000066                main
 .text.initPort
                0x0000000000000072        0x4 ../lib/liblib-atmega16.a(lib.c.obj)
                0x0000000000000072                initPort
 .text.togglePin
                0x0000000000000076       0x1c ../lib/liblib-atmega16.a(lib.c.obj)
                0x0000000000000076                togglePin
 .text.avr-libc
                0x0000000000000092        0x4 /usr/avr/lib/libc.a(exit.o)
                0x0000000000000092                exit
                0x0000000000000096                . = ALIGN (0x2)
 *(.fini9)
 .fini9         0x0000000000000096        0x0 /usr/lib/gcc/avr/6.2.0/avr5/libgcc.a(_exit.o)
                0x0000000000000096                _exit
 *(.fini9)
 *(.fini8)
 *(.fini8)
 *(.fini7)
 *(.fini7)
 *(.fini6)
 *(.fini6)
 *(.fini5)
 *(.fini5)
 *(.fini4)
 *(.fini4)
 *(.fini3)
 *(.fini3)
 *(.fini2)
 *(.fini2)
 *(.fini1)
 *(.fini1)
 *(.fini0)
 .fini0         0x0000000000000096        0x4 /usr/lib/gcc/avr/6.2.0/avr5/libgcc.a(_exit.o)
 *(.fini0)
                0x000000000000009a                _etext = .

.data           0x0000000000800060        0x0 load address 0x000000000000009a
                [!provide]                        PROVIDE (__data_start, .)
 *(.data)
 *(.data*)
 *(.rodata)
 *(.rodata*)
 *(.gnu.linkonce.d*)
                0x0000000000800060                . = ALIGN (0x2)
                0x0000000000800060                _edata = .
                [!provide]                        PROVIDE (__data_end, .)

.bss            0x0000000000800060        0x0
                [!provide]                        PROVIDE (__bss_start, .)
 *(.bss)
 *(.bss*)
 *(COMMON)
                [!provide]                        PROVIDE (__bss_end, .)
                0x000000000000009a                __data_load_start = LOADADDR (.data)
                0x000000000000009a                __data_load_end = (__data_load_start + SIZEOF (.data))

.noinit         0x0000000000800060        0x0
                [!provide]                        PROVIDE (__noinit_start, .)
 *(.noinit*)
                [!provide]                        PROVIDE (__noinit_end, .)
                0x0000000000800060                _end = .
                [!provide]                        PROVIDE (__heap_start, .)

.eeprom         0x0000000000810000        0x0
 *(.eeprom*)
                0x0000000000810000                __eeprom_end = .

.fuse
 *(.fuse)
 *(.lfuse)
 *(.hfuse)
 *(.efuse)

.lock
 *(.lock*)

.signature
 *(.signature*)

.stab
 *(.stab)

.stabstr
 *(.stabstr)

.stab.excl
 *(.stab.excl)

.stab.exclstr
 *(.stab.exclstr)

.stab.index
 *(.stab.index)

.stab.indexstr
 *(.stab.indexstr)

.comment        0x0000000000000000       0x11
 *(.comment)
 .comment       0x0000000000000000       0x11 CMakeFiles/toggle-led-atmega16.elf.dir/main.c.obj
                                         0x12 (size before relaxing)
 .comment       0x0000000000000011       0x12 ../lib/liblib-atmega16.a(lib.c.obj)

.note.gnu.avr.deviceinfo
                0x0000000000000000       0x3c
 .note.gnu.avr.deviceinfo
                0x0000000000000000       0x3c /usr/lib/gcc/avr/6.2.0/../../../../avr/lib/avr5/crtatmega16.o

.note.gnu.build-id
 *(.note.gnu.build-id)

.debug
 *(.debug)

.line
 *(.line)

.debug_srcinfo
 *(.debug_srcinfo)

.debug_sfnames
 *(.debug_sfnames)

.debug_aranges
 *(.debug_aranges)

.debug_pubnames
 *(.debug_pubnames)

.debug_info     0x0000000000000000      0x52e
 *(.debug_info .gnu.linkonce.wi.*)
 .debug_info    0x0000000000000000      0x52e /usr/lib/gcc/avr/6.2.0/../../../../avr/lib/avr5/crtatmega16.o

.debug_abbrev   0x0000000000000000      0x4e7
 *(.debug_abbrev)
 .debug_abbrev  0x0000000000000000      0x4e7 /usr/lib/gcc/avr/6.2.0/../../../../avr/lib/avr5/crtatmega16.o

.debug_line     0x0000000000000000       0x1d
 *(.debug_line .debug_line.* .debug_line_end)
 .debug_line    0x0000000000000000       0x1d /usr/lib/gcc/avr/6.2.0/../../../../avr/lib/avr5/crtatmega16.o

.debug_frame
 *(.debug_frame)

.debug_str      0x0000000000000000      0x1af
 *(.debug_str)
 .debug_str     0x0000000000000000      0x1af /usr/lib/gcc/avr/6.2.0/../../../../avr/lib/avr5/crtatmega16.o

.debug_loc
 *(.debug_loc)

.debug_macinfo
 *(.debug_macinfo)

.debug_weaknames
 *(.debug_weaknames)

.debug_funcnames
 *(.debug_funcnames)

.debug_typenames
 *(.debug_typenames)

.debug_varnames
 *(.debug_varnames)

.debug_pubtypes
 *(.debug_pubtypes)

.debug_ranges
 *(.debug_ranges)

.debug_macro
 *(.debug_macro)
OUTPUT(toggle-led-atmega16.elf elf32-avr)
LOAD linker stubs
